C:\Users\Valociraptor>cd desktop

C:\Users\Valociraptor\Desktop>cd coding stuff

C:\Users\Valociraptor\Desktop\Coding Stuff>md GitHubRepoAssignment

C:\Users\Valociraptor\Desktop\Coding Stuff>cd GitHubRepoAssignment

C:\Users\Valociraptor\Desktop\Coding Stuff\GitHubRepoAssignment>git init
Initialized empty Git repository in C:/Users/Valociraptor/Desktop/Coding Stuff/G
itHubRepoAssignment/.git/

C:\Users\Valociraptor\Desktop\Coding Stuff\GitHubRepoAssignment>git status
On branch master

No commits yet

Untracked files:
  (use "git add <file>..." to include in what will be committed)

        New Text Document.txt
        Pigeons.md.txt

nothing added to commit but untracked files present (use "git add" to track)

C:\Users\Valociraptor\Desktop\Coding Stuff\GitHubRepoAssignment>git add .

C:\Users\Valociraptor\Desktop\Coding Stuff\GitHubRepoAssignment>git commit -m "G
itHubPushy Ass. Thingummy"
[master (root-commit) 65ec920] GitHubPushy Ass. Thingummy
 2 files changed, 1 insertion(+)
 create mode 100644 New Text Document.txt
 create mode 100644 Pigeons.md.txt

C:\Users\Valociraptor\Desktop\Coding Stuff\GitHubRepoAssignment>gut status
'gut' is not recognized as an internal or external command,
operable program or batch file.

C:\Users\Valociraptor\Desktop\Coding Stuff\GitHubRepoAssignment>git status
On branch master
nothing to commit, working tree clean

C:\Users\Valociraptor\Desktop\Coding Stuff\GitHubRepoAssignment>git push
fatal: No configured push destination.
Either specify the URL from the command-line or configure a remote repository us
ing

    git remote add <name> <url>

and then push using the remote name

    git push <name>


C:\Users\Valociraptor\Desktop\Coding Stuff\GitHubRepoAssignment>git remote add o
rigin https://github.com/Valociraptor/DeleteSoon.git

C:\Users\Valociraptor\Desktop\Coding Stuff\GitHubRepoAssignment>git push -u orig
in master
Counting objects: 4, done.
Delta compression using up to 8 threads.
Compressing objects: 100% (3/3), done.
Writing objects: 100% (4/4), 318 bytes | 318.00 KiB/s, done.
Total 4 (delta 0), reused 0 (delta 0)
To https://github.com/Valociraptor/DeleteSoon.git
 * [new branch]      master -> master
Branch master set up to track remote branch master from origin.

C:\Users\Valociraptor\Desktop\Coding Stuff\GitHubRepoAssignment>